---
source: crates/oxc_markdown_parser/tests/ast.rs
---
Root [0..19]
  Paragraph [0..16]
    Text [0..1] "a"
    HardBreak [1..3] "  " kind=spaces
    Text [4..5] "b"
    HardBreak [5..6] "\\" kind=backslash
    Text [7..8] "c"
    SoftBreak [12..12]
    Text [12..13] "d"
    SoftBreak [15..15]
    Text [15..16] "e"
