---
source: crates/oxc_markdown_parser/tests/ast.rs
---
Root [0..20]
  Paragraph [0..19]
    MathSpan [0..3]
      pieces[0] [0..3] "$a$"
    Text [3..4] " "
    MathSpan [4..9]
      pieces[0] [4..9] "$$b$$"
    Text [9..10] " "
    MathSpan [10..15]
      pieces[0] [10..12] "$c"
      pieces[1] [13..15] "d$"
    Text [15..19] " $ e"
