---
source: crates/oxc_markdown_parser/tests/ast.rs
---
Root [0..77]
  ContainerDirective [0..49] opening=[0..22] ":::note[label]{.c k=v}" closing=[45..49] "::::"
    Paragraph [23..28]
      Text [23..28] "inner"
    ContainerDirective [30..44] opening=[30..37] "::::tip"
      Paragraph [38..44]
        Text [38..44] "nested"
  Paragraph [50..76]
    Text [50..53] ":::"
    SoftBreak [54..54]
    Text [54..61] ":::\tnot"
    SoftBreak [62..62]
    Text [62..74] "::: unclosed"
    SoftBreak [75..75]
    Text [75..76] "x"
blanks: [29..29]
