---
source: crates/oxc_markdown_parser/tests/ast.rs
---
Root [0..25]
  Blockquote [0..11]
    Heading [2..11] level=1 kind=setext underline=[8..11] "===" lazy=[[4..5] "b"]
      Text [2..3] "a"
      SoftBreak [4..4]
      Text [4..5] "b"
  Heading [13..24] level=2 kind=setext underline=[21..24] "---"
    Text [13..16] "foo"
    SoftBreak [17..17]
    Text [17..20] "bar"
blanks: [12..12]
