---
source: crates/oxc_markdown_parser/tests/ast.rs
---
Root [0..25]
  Blockquote [0..8]
    HtmlBlock [2..8] kind=6 trailing_newline=false
      lines[0] [2..8] "<div a"
  Paragraph [9..10]
    Text [9..10] "b"
  List [12..24] marker=bullet '-' tight=true
    ListItem [12..20] marker=[12..13] "-" padding=1 spread=false
      HtmlBlock [14..20] kind=6 trailing_newline=false
        lines[0] [14..20] "<div a"
    ListItem [21..24] marker=[21..22] "-" padding=1 spread=false
      Paragraph [23..24]
        Text [23..24] "b"
blanks: [11..11]
