---
source: crates/oxc_markdown_parser/tests/ast.rs
---
Root [0..43]
  Liquid [0..10]
    pieces[0] [0..10] "{% if a %}"
  Liquid [11..18]
    pieces[0] [11..15] "{{ x"
    pieces[1] [16..18] "}}"
  Paragraph [19..33]
    Liquid [19..28]
      pieces[0] [19..28] "{% end %}"
    Text [28..33] " tail"
  Paragraph [34..42]
    Text [34..42] "{{ never"
