---
source: crates/oxc_markdown_parser/tests/ast.rs
---
Root [0..22]
  Blockquote [0..6]
    CodeBlock [3..6] kind=indented
      lines[0] [3..6] "foo" pad=2
  List [8..21] marker=bullet '-' tight=false
    ListItem [8..21] marker=[8..9] "-" padding=1 spread=true
      CodeBlock [11..14] kind=indented
        lines[0] [11..14] "bar" pad=2
      Paragraph [18..21]
        Text [18..21] "baz"
blanks: [7..7] [15..15]
